<html>
<body>
<pre>
<h1>µVision Build Log</h1>
<h2>Tool Versions:</h2>
IDE-Version: µVision V5.36.0.0
Copyright (C) 2021 ARM Ltd and ARM Germany GmbH. All rights reserved.
License Information: Kareem Shabaka, McMaster, LIC=----
 
Tool Versions:
Toolchain:       MDK-Lite  Version: 5.36.0.0
Toolchain Path:  C:\Keil_v5\ARM\ARMCLANG\Bin
C Compiler:      ArmClang.exe V6.16
Assembler:       Armasm.exe V6.16
Linker/Locator:  ArmLink.exe V6.16
Library Manager: ArmAr.exe V6.16
Hex Converter:   FromElf.exe V6.16
CPU DLL:         SARMCM3.DLL V5.36.0.0
Dialog DLL:      DCM.DLL V1.17.3.0
Target DLL:      STLink\ST-LINKIII-KEIL_SWO.dll V3.0.9.0
Dialog DLL:      TCM.DLL V1.53.0.0
 
<h2>Project:</h2>
C:\Users\karee\OneDrive\Desktop\lab3\lab3.uvprojx
Project File Date:  03/02/2022

<h2>Output:</h2>
*** Using Compiler 'V6.16', folder: 'C:\Keil_v5\ARM\ARMCLANG\Bin'
Build target 'Target 1'
Src/main.c(587): warning: non-void function does not return a value in all control paths [-Wreturn-type]
}
^
Src/main.c(613): warning: non-void function does not return a value in all control paths [-Wreturn-type]
}
^
Src/main.c(738): warning: passing 'char [3]' to parameter of type 'uint8_t *' (aka 'unsigned char *') converts between pointers to integer types where one is of the unique plain 'char' type and the other is not [-Wpointer-sign]
                                        LCD_DisplayString(5,1,"  ");
                                                              ^~~~
Src/main.c(621): note: passing argument to parameter 'ptr' here
void LCD_DisplayString(uint16_t LineNumber, uint16_t ColumnNumber, uint8_t *ptr)
                                                                            ^
Src/main.c(743): warning: passing 'char [3]' to parameter of type 'uint8_t *' (aka 'unsigned char *') converts between pointers to integer types where one is of the unique plain 'char' type and the other is not [-Wpointer-sign]
                                        LCD_DisplayString(5,4,"  ");//set month + 1
                                                              ^~~~
Src/main.c(621): note: passing argument to parameter 'ptr' here
void LCD_DisplayString(uint16_t LineNumber, uint16_t ColumnNumber, uint8_t *ptr)
                                                                            ^
Src/main.c(748): warning: passing 'char [3]' to parameter of type 'uint8_t *' (aka 'unsigned char *') converts between pointers to integer types where one is of the unique plain 'char' type and the other is not [-Wpointer-sign]
                                        LCD_DisplayString(5,7,"  ");//set year + 1
                                                              ^~~~
Src/main.c(621): note: passing argument to parameter 'ptr' here
void LCD_DisplayString(uint16_t LineNumber, uint16_t ColumnNumber, uint8_t *ptr)
                                                                            ^
Src/main.c(753): warning: passing 'char [3]' to parameter of type 'uint8_t *' (aka 'unsigned char *') converts between pointers to integer types where one is of the unique plain 'char' type and the other is not [-Wpointer-sign]
                                        LCD_DisplayString(8,1,"  ");//set hr + 1
                                                              ^~~~
Src/main.c(621): note: passing argument to parameter 'ptr' here
void LCD_DisplayString(uint16_t LineNumber, uint16_t ColumnNumber, uint8_t *ptr)
                                                                            ^
Src/main.c(758): warning: passing 'char [3]' to parameter of type 'uint8_t *' (aka 'unsigned char *') converts between pointers to integer types where one is of the unique plain 'char' type and the other is not [-Wpointer-sign]
                                        LCD_DisplayString(8,4,"  ");//set min + 1
                                                              ^~~~
Src/main.c(621): note: passing argument to parameter 'ptr' here
void LCD_DisplayString(uint16_t LineNumber, uint16_t ColumnNumber, uint8_t *ptr)
                                                                            ^
Src/main.c(763): warning: passing 'char [3]' to parameter of type 'uint8_t *' (aka 'unsigned char *') converts between pointers to integer types where one is of the unique plain 'char' type and the other is not [-Wpointer-sign]
                                        LCD_DisplayString(8,7,"  ");//set sec + 1
                                                              ^~~~
Src/main.c(621): note: passing argument to parameter 'ptr' here
void LCD_DisplayString(uint16_t LineNumber, uint16_t ColumnNumber, uint8_t *ptr)
                                                                            ^
Src/main.c(769): warning: passing 'char [3]' to parameter of type 'uint8_t *' (aka 'unsigned char *') converts between pointers to integer types where one is of the unique plain 'char' type and the other is not [-Wpointer-sign]
                                        LCD_DisplayString(5,1,"  ");
                                                              ^~~~
Src/main.c(621): note: passing argument to parameter 'ptr' here
void LCD_DisplayString(uint16_t LineNumber, uint16_t ColumnNumber, uint8_t *ptr)
                                                                            ^
Src/main.c(781): warning: passing 'char [13]' to parameter of type 'uint8_t *' (aka 'unsigned char *') converts between pointers to integer types where one is of the unique plain 'char' type and the other is not [-Wpointer-sign]
                        LCD_DisplayString(8,1,"Latest Time:");
                                              ^~~~~~~~~~~~~~
Src/main.c(621): note: passing argument to parameter 'ptr' here
void LCD_DisplayString(uint16_t LineNumber, uint16_t ColumnNumber, uint8_t *ptr)
                                                                            ^
Src/main.c(786): warning: passing 'char [2]' to parameter of type 'uint8_t *' (aka 'unsigned char *') converts between pointers to integer types where one is of the unique plain 'char' type and the other is not [-Wpointer-sign]
                                if (i!=2){LCD_DisplayString(9,1+(3*i+2),":");}
                                                                        ^~~
Src/main.c(621): note: passing argument to parameter 'ptr' here
void LCD_DisplayString(uint16_t LineNumber, uint16_t ColumnNumber, uint8_t *ptr)
                                                                            ^
Src/main.c(788): warning: passing 'char [15]' to parameter of type 'uint8_t *' (aka 'unsigned char *') converts between pointers to integer types where one is of the unique plain 'char' type and the other is not [-Wpointer-sign]
                        LCD_DisplayString(11,1,"Second Latest:");
                                               ^~~~~~~~~~~~~~~~
Src/main.c(621): note: passing argument to parameter 'ptr' here
void LCD_DisplayString(uint16_t LineNumber, uint16_t ColumnNumber, uint8_t *ptr)
                                                                            ^
Src/main.c(791): warning: passing 'char [2]' to parameter of type 'uint8_t *' (aka 'unsigned char *') converts between pointers to integer types where one is of the unique plain 'char' type and the other is not [-Wpointer-sign]
                                if (k!=2){LCD_DisplayString(12,1+(3*k+2),":");}
                                                                         ^~~
Src/main.c(621): note: passing argument to parameter 'ptr' here
void LCD_DisplayString(uint16_t LineNumber, uint16_t ColumnNumber, uint8_t *ptr)
                                                                            ^
Src/main.c(823): warning: passing 'char [9]' to parameter of type 'uint8_t *' (aka 'unsigned char *') converts between pointers to integer types where one is of the unique plain 'char' type and the other is not [-Wpointer-sign]
                LCD_DisplayString(4,1,"HH:MM:SS");
                                      ^~~~~~~~~~
Src/main.c(621): note: passing argument to parameter 'ptr' here
void LCD_DisplayString(uint16_t LineNumber, uint16_t ColumnNumber, uint8_t *ptr)
                                                                            ^
Src/main.c(825): warning: passing 'char [2]' to parameter of type 'uint8_t *' (aka 'unsigned char *') converts between pointers to integer types where one is of the unique plain 'char' type and the other is not [-Wpointer-sign]
                LCD_DisplayString(5,3,":");
                                      ^~~
Src/main.c(621): note: passing argument to parameter 'ptr' here
void LCD_DisplayString(uint16_t LineNumber, uint16_t ColumnNumber, uint8_t *ptr)
                                                                            ^
Src/main.c(827): warning: passing 'char [2]' to parameter of type 'uint8_t *' (aka 'unsigned char *') converts between pointers to integer types where one is of the unique plain 'char' type and the other is not [-Wpointer-sign]
                LCD_DisplayString(5,6,":");
                                      ^~~
Src/main.c(621): note: passing argument to parameter 'ptr' here
void LCD_DisplayString(uint16_t LineNumber, uint16_t ColumnNumber, uint8_t *ptr)
                                                                            ^
Src/main.c(830): warning: passing 'char [9]' to parameter of type 'uint8_t *' (aka 'unsigned char *') converts between pointers to integer types where one is of the unique plain 'char' type and the other is not [-Wpointer-sign]
                LCD_DisplayString(1,1,"DD:MM:YY");
                                      ^~~~~~~~~~
Src/main.c(621): note: passing argument to parameter 'ptr' here
void LCD_DisplayString(uint16_t LineNumber, uint16_t ColumnNumber, uint8_t *ptr)
                                                                            ^
Src/main.c(832): warning: passing 'char [2]' to parameter of type 'uint8_t *' (aka 'unsigned char *') converts between pointers to integer types where one is of the unique plain 'char' type and the other is not [-Wpointer-sign]
                LCD_DisplayString(2,3,":");
                                      ^~~
Src/main.c(621): note: passing argument to parameter 'ptr' here
void LCD_DisplayString(uint16_t LineNumber, uint16_t ColumnNumber, uint8_t *ptr)
                                                                            ^
Src/main.c(834): warning: passing 'char [2]' to parameter of type 'uint8_t *' (aka 'unsigned char *') converts between pointers to integer types where one is of the unique plain 'char' type and the other is not [-Wpointer-sign]
                LCD_DisplayString(2,6,":");
                                      ^~~
Src/main.c(621): note: passing argument to parameter 'ptr' here
void LCD_DisplayString(uint16_t LineNumber, uint16_t ColumnNumber, uint8_t *ptr)
                                                                            ^
Src/main.c(856): warning: passing 'char [12]' to parameter of type 'uint8_t *' (aka 'unsigned char *') converts between pointers to integer types where one is of the unique plain 'char' type and the other is not [-Wpointer-sign]
                                LCD_DisplayString(1,0,"Setting the");
                                                      ^~~~~~~~~~~~~
Src/main.c(621): note: passing argument to parameter 'ptr' here
void LCD_DisplayString(uint16_t LineNumber, uint16_t ColumnNumber, uint8_t *ptr)
                                                                            ^
Src/main.c(857): warning: passing 'char [14]' to parameter of type 'uint8_t *' (aka 'unsigned char *') converts between pointers to integer types where one is of the unique plain 'char' type and the other is not [-Wpointer-sign]
                                LCD_DisplayString(2,0,"Date and Time");
                                                      ^~~~~~~~~~~~~~~
Src/main.c(621): note: passing argument to parameter 'ptr' here
void LCD_DisplayString(uint16_t LineNumber, uint16_t ColumnNumber, uint8_t *ptr)
                                                                            ^
Src/main.c(858): warning: passing 'char [9]' to parameter of type 'uint8_t *' (aka 'unsigned char *') converts between pointers to integer types where one is of the unique plain 'char' type and the other is not [-Wpointer-sign]
                                LCD_DisplayString(4,1,"DD:MM:YY");
                                                      ^~~~~~~~~~
Src/main.c(621): note: passing argument to parameter 'ptr' here
void LCD_DisplayString(uint16_t LineNumber, uint16_t ColumnNumber, uint8_t *ptr)
                                                                            ^
Src/main.c(860): warning: passing 'char [2]' to parameter of type 'uint8_t *' (aka 'unsigned char *') converts between pointers to integer types where one is of the unique plain 'char' type and the other is not [-Wpointer-sign]
                                LCD_DisplayString(5,3,":");
                                                      ^~~
Src/main.c(621): note: passing argument to parameter 'ptr' here
void LCD_DisplayString(uint16_t LineNumber, uint16_t ColumnNumber, uint8_t *ptr)
                                                                            ^
Src/main.c(862): warning: passing 'char [2]' to parameter of type 'uint8_t *' (aka 'unsigned char *') converts between pointers to integer types where one is of the unique plain 'char' type and the other is not [-Wpointer-sign]
                                LCD_DisplayString(5,6,":");
                                                      ^~~
Src/main.c(621): note: passing argument to parameter 'ptr' here
void LCD_DisplayString(uint16_t LineNumber, uint16_t ColumnNumber, uint8_t *ptr)
                                                                            ^
Src/main.c(865): warning: passing 'char [9]' to parameter of type 'uint8_t *' (aka 'unsigned char *') converts between pointers to integer types where one is of the unique plain 'char' type and the other is not [-Wpointer-sign]
                                LCD_DisplayString(7,1,"HH:MM:SS");
                                                      ^~~~~~~~~~
Src/main.c(621): note: passing argument to parameter 'ptr' here
void LCD_DisplayString(uint16_t LineNumber, uint16_t ColumnNumber, uint8_t *ptr)
                                                                            ^
Src/main.c(867): warning: passing 'char [2]' to parameter of type 'uint8_t *' (aka 'unsigned char *') converts between pointers to integer types where one is of the unique plain 'char' type and the other is not [-Wpointer-sign]
                                LCD_DisplayString(8,3,":");
                                                      ^~~
Src/main.c(621): note: passing argument to parameter 'ptr' here
void LCD_DisplayString(uint16_t LineNumber, uint16_t ColumnNumber, uint8_t *ptr)
                                                                            ^
Src/main.c(869): warning: passing 'char [2]' to parameter of type 'uint8_t *' (aka 'unsigned char *') converts between pointers to integer types where one is of the unique plain 'char' type and the other is not [-Wpointer-sign]
                                LCD_DisplayString(8,6,":");
                                                      ^~~
Src/main.c(621): note: passing argument to parameter 'ptr' here
void LCD_DisplayString(uint16_t LineNumber, uint16_t ColumnNumber, uint8_t *ptr)
                                                                            ^
Src/main.c(871): warning: passing 'char [3]' to parameter of type 'uint8_t *' (aka 'unsigned char *') converts between pointers to integer types where one is of the unique plain 'char' type and the other is not [-Wpointer-sign]
                                LCD_DisplayString(5,1,"  ");
                                                      ^~~~
Src/main.c(621): note: passing argument to parameter 'ptr' here
void LCD_DisplayString(uint16_t LineNumber, uint16_t ColumnNumber, uint8_t *ptr)
                                                                            ^
Src/main.c(887): warning: passing 'char [9]' to parameter of type 'uint8_t *' (aka 'unsigned char *') converts between pointers to integer types where one is of the unique plain 'char' type and the other is not [-Wpointer-sign]
                        LCD_DisplayString(4,1,"HH:MM:SS");
                                              ^~~~~~~~~~
Src/main.c(621): note: passing argument to parameter 'ptr' here
void LCD_DisplayString(uint16_t LineNumber, uint16_t ColumnNumber, uint8_t *ptr)
                                                                            ^
Src/main.c(889): warning: passing 'char [2]' to parameter of type 'uint8_t *' (aka 'unsigned char *') converts between pointers to integer types where one is of the unique plain 'char' type and the other is not [-Wpointer-sign]
                        LCD_DisplayString(5,3,":");
                                              ^~~
Src/main.c(621): note: passing argument to parameter 'ptr' here
void LCD_DisplayString(uint16_t LineNumber, uint16_t ColumnNumber, uint8_t *ptr)
                                                                            ^
Src/main.c(891): warning: passing 'char [2]' to parameter of type 'uint8_t *' (aka 'unsigned char *') converts between pointers to integer types where one is of the unique plain 'char' type and the other is not [-Wpointer-sign]
                        LCD_DisplayString(5,6,":");
                                              ^~~
Src/main.c(621): note: passing argument to parameter 'ptr' here
void LCD_DisplayString(uint16_t LineNumber, uint16_t ColumnNumber, uint8_t *ptr)
                                                                            ^
31 warnings generated.
compiling main.c...
linking...
Program Size: Code=20164 RO-data=11184 RW-data=104 ZI-data=1784  
".\Objects\lab3.axf" - 0 Error(s), 31 Warning(s).

<h2>Software Packages used:</h2>

Package Vendor: ARM
                http://www.keil.com/pack/ARM.CMSIS.5.8.0.pack
                ARM.CMSIS.5.8.0
                CMSIS (Common Microcontroller Software Interface Standard)
   * Component: CORE Version: 5.5.0

Package Vendor: Keil
                http://www.keil.com/pack/Keil.STM32F4xx_DFP.2.16.0.pack
                Keil.STM32F4xx_DFP.2.16.0
                STMicroelectronics STM32F4 Series Device Support, Drivers and Examples
   * Component: Startup Version: 2.6.3

<h2>Collection of Component include folders:</h2>
  .\RTE\_Target_1
  C:\Users\karee\AppData\Local\Arm\Packs\ARM\CMSIS\5.8.0\CMSIS\Core\Include
  C:\Users\karee\AppData\Local\Arm\Packs\Keil\STM32F4xx_DFP\2.16.0\Drivers\CMSIS\Device\ST\STM32F4xx\Include

<h2>Collection of Component Files used:</h2>

   * Component: ARM::CMSIS:CORE:5.5.0

   * Component: Keil::Device:Startup:2.6.3
      Include file:  Drivers\CMSIS\Device\ST\STM32F4xx\Include\stm32f4xx.h
      Source file:   MDK\Device\Source\ARM\STM32F4xx_OTP.s
      Source file:   MDK\Device\Source\ARM\STM32F42xxx_43xxx_OPT.s
      Source file:   Drivers\CMSIS\Device\ST\STM32F4xx\Source\Templates\arm\startup_stm32f429xx.s
      Source file:   Drivers\CMSIS\Device\ST\STM32F4xx\Source\Templates\system_stm32f4xx.c
Build Time Elapsed:  00:00:01
</pre>
</body>
</html>
